error: expected identifier, found reserved keyword `await`
  --> $DIR/2018-edition-error.rs:5:13
   |
LL |     pub mod await {
   |             ^^^^^ expected identifier, found reserved keyword
help: you can escape reserved keywords to use them as identifiers
   |
LL |     pub mod r#await {
   |             ^^^^^^^

error: expected identifier, found reserved keyword `await`
  --> $DIR/2018-edition-error.rs:6:20
   |
LL |         pub struct await;
   |                    ^^^^^ expected identifier, found reserved keyword
help: you can escape reserved keywords to use them as identifiers
   |
LL |         pub struct r#await;
   |                    ^^^^^^^

error: expected identifier, found reserved keyword `await`
  --> $DIR/2018-edition-error.rs:9:22
   |
LL | use self::outer_mod::await::await;
   |                      ^^^^^ expected identifier, found reserved keyword
help: you can escape reserved keywords to use them as identifiers
   |
LL | use self::outer_mod::r#await::await;
   |                      ^^^^^^^

error: expected identifier, found reserved keyword `await`
  --> $DIR/2018-edition-error.rs:9:29
   |
LL | use self::outer_mod::await::await;
   |                             ^^^^^ expected identifier, found reserved keyword
help: you can escape reserved keywords to use them as identifiers
   |
LL | use self::outer_mod::await::r#await;
   |                             ^^^^^^^

error: expected expression, found `{`
  --> $DIR/2018-edition-error.rs:13:17
   |
LL |     match await { await => () }
   |     -----       ^ expected expression
   |     |
   |     while parsing this match expression

error: aborting due to 5 previous errors

